
> Task :compileJava
./gradlew : C:\Users\user\IdeaProjects\TrendyBuy\src\main\java\com\example\trendybuy\mapper\OrderMapper.java:39: 
warning: Unmapped target properties: "trackingNumber, shippingCarrier".
At line:1 char:1
+ ./gradlew compileJava > build_output.txt 2>&1
+ ~~~~~~~~~~~~~~~~~~~~~~~~~~~~~~~~~~~~~~~~~~~~~
    + CategoryInfo          : NotSpecified: (C:\Users\user\I...ippingCarrier".:String) [], RemoteException
    + FullyQualifiedErrorId : NativeCommandError
 
    OrderEntity toEntity(OrderCreateRequest request);
                ^
C:\Users\user\IdeaProjects\TrendyBuy\src\main\java\com\example\trendybuy\mapper\OrderMapper.java:42: warning: Unmapped 
target properties: "id, user, orderDate, status, paymentStatus, totalAmount, discountAmount, trackingNumber, 
shippingCarrier, updatedAt, history, orderitems, payments".
    void updateOrderFromRequest(OrderUpdateRequest request,
         ^
C:\Users\user\IdeaProjects\TrendyBuy\src\main\java\com\example\trendybuy\mapper\OrderSummaryMapper.java:12: warning: 
Unmapped target property: "orderId".
    OrderSummaryResponse toResponse(OrderEntity entity);
                         ^
C:\Users\user\IdeaProjects\TrendyBuy\src\main\java\com\example\trendybuy\mapper\HistoryMapper.java:20: warning: 
Unmapped target properties: "userId, orderId, paymentId, description, type, timestamp".
    HistoryResponse toResponse(HistoryEntity entity);
                    ^
C:\Users\user\IdeaProjects\TrendyBuy\src\main\java\com\example\trendybuy\mapper\OrderItemMapper.java:19: warning: 
Unmapped target properties: "orderItemId, productId, productName, lineTotal".
    OrderItemResponse toResponse(OrderItemEntity entity);
                      ^
C:\Users\user\IdeaProjects\TrendyBuy\src\main\java\com\example\trendybuy\mapper\UserMapper.java:27: warning: Unmapped 
target properties: "userId, active, registrationDate, updatedAt, history, notifications, orders, productReviews, 
shoppingAddresses, shoppingCarts".
    UserEntity toEntity(UserCreateRequest dto);
               ^
C:\Users\user\IdeaProjects\TrendyBuy\src\main\java\com\example\trendybuy\mapper\UserMapper.java:31: warning: Unmapped 
target property: "id".
    UserResponse toResponse(UserEntity entity);
                 ^
C:\Users\user\IdeaProjects\TrendyBuy\src\main\java\com\example\trendybuy\mapper\UserMapper.java:37: warning: Unmapped 
target properties: "userId, userName, email, password, registrationDate, updatedAt, history, notifications, orders, 
productReviews, shoppingAddresses, shoppingCarts".
    void updateEntityFromDto(UserUpdateRequest dto, @MappingTarget UserEntity entity);
         ^
C:\Users\user\IdeaProjects\TrendyBuy\src\main\java\com\example\trendybuy\mapper\ProductMapper.java:28: warning: 
Unmapped target property: "version".
    ProductEntity toEntity(ProductCreateRequest request);
                  ^
C:\Users\user\IdeaProjects\TrendyBuy\src\main\java\com\example\trendybuy\mapper\ProductMapper.java:48: warning: 
Unmapped target property: "version".
    void updateEntityFromRequest(ProductUpdateRequest request, @MappingTarget ProductEntity entity);
         ^
C:\Users\user\IdeaProjects\TrendyBuy\src\main\java\com\example\trendybuy\service\impl\UserServiceImpl.java:162: error: 
incompatible types: List<ShoppingAddressResponse> cannot be converted to List<AddressResponse>
        return addressMapper.toResponseList(user.getShoppingAddresses());
                                           ^
Note: C:\Users\user\IdeaProjects\TrendyBuy\src\main\java\com\example\trendybuy\config\SecurityConfig.java uses or 
overrides a deprecated API.
Note: Recompile with -Xlint:deprecation for details.
1 error
10 warnings

> Task :compileJava FAILED

[Incubating] Problems report is available at: file:///C:/Users/user/IdeaProjects/TrendyBuy/build/reports/problems/problems-report.html
1 actionable task: 1 executed

FAILURE: Build failed with an exception.

* What went wrong:
Execution failed for task ':compileJava'.
> Compilation failed; see the compiler output below.
  C:\Users\user\IdeaProjects\TrendyBuy\src\main\java\com\example\trendybuy\mapper\OrderMapper.java:39: warning: 
Unmapped target properties: "trackingNumber, shippingCarrier".
      OrderEntity toEntity(OrderCreateRequest request);
                  ^
  1 error
  10 warnings

* Try:
> Run with --scan to get full insights.

BUILD FAILED in 26s
